[FormatConverter] Module loading - VERSION 2.0
[ConverterRegistry] Registered VideoConverter with priority 10 for patterns: [ '*video*', '*player*', '*youtube*', '*vimeo*' ]
=== Testing VideoConverter ===

Test 1: YouTube video from settings
[FormatConverter] ========== CONVERSION START ==========
[FormatConverter] Converting from extension format (Elementor 3.0.0) to native format (Elementor unknown)
[FormatConverter] Input data: {
  "elType": "widget",
  "widgetType": "wd_video_player",
  "settings": {
    "youtube_url": "https://www.youtube.com/watch?v=dQw4w9WgXcQ"
  },
  "elements": [],
  "isInner": false
}
[FormatConverter] Input element type: widget
[FormatConverter] Input has children: true
[FormatConverter] Input children count: 0
[FormatConverter] Custom widget detected: "wd_video_player"
[FormatConverter] getSanitizer() called. Checking for ContentSanitizer...
[FormatConverter] typeof window: undefined
[FormatConverter] window.ContentSanitizer: window undefined
[ContentSanitizer] Module loading...
[FormatConverter] Γ£ô Converted "wd_video_player" to "video" (VideoConverter)
[FormatConverter] Γ£ô Converted "wd_video_player" to "video"
[FormatConverter] After conversion: {
  "elType": "widget",
  "id": "8a3d6c30",
  "widgetType": "video",
  "settings": {
    "video_type": "youtube",
    "youtube_url": "https://www.youtube.com/watch?v=dQw4w9WgXcQ",
    "_element_id": "",
    "_css_classes": "converted-from-wd_video_player"
  },
  "elements": [],
  "isInner": false,
  "_conversionMeta": {
    "originalType": "wd_video_player",
    "converter": "VideoConverter",
    "dataLoss": false,
    "warnings": [],
    "source": "registry",
    "timestamp": "2025-10-16T21:49:25.491Z"
  }
}
[FormatConverter] Converted element type: widget
[FormatConverter] Converted has children: true
[FormatConverter] Converted children count: 0
[FormatConverter] getSanitizer() called. Checking for ContentSanitizer...
[FormatConverter] typeof window: undefined
[FormatConverter] window.ContentSanitizer: window undefined
[FormatConverter] Sanitizing converted data...
[FormatConverter] Data before sanitization: {"elType":"widget","id":"8a3d6c30","widgetType":"video","settings":{"video_type":"youtube","youtube_url":"https://www.youtube.com/watch?v=dQw4w9WgXcQ","_element_id":"","_css_classes":"converted-from-wd_video_player"},"elements":[],"isInner":false,"_conversionMeta":{"originalType":"wd_video_player","
[FormatConverter] Data after sanitization: {"elType":"widget","id":"8a3d6c30","isInner":false,"widgetType":"video","settings":{"video_type":"youtube","youtube_url":"https://www.youtube.com/watch?v=dQw4w9WgXcQ","_element_id":"","_css_classes":"converted-from-wd_video_player"},"_conversionMeta":{"originalType":"wd_video_player","converter":"Vi
[FormatConverter] Γ£ô Sanitization complete
[FormatConverter] Γ£ô Conversion successful
[FormatConverter] Final output: {
  "elType": "widget",
  "id": "8a3d6c30",
  "isInner": false,
  "widgetType": "video",
  "settings": {
    "video_type": "youtube",
    "youtube_url": "https://www.youtube.com/watch?v=dQw4w9WgXcQ",
    "_element_id": "",
    "_css_classes": "converted-from-wd_video_player"
  },
  "_conversionMeta": {
    "originalType": "wd_video_player",
    "converter": "VideoConverter",
    "dataLoss": false,
    "warnings": [],
    "source": "registry",
    "timestamp": "2025-10-16T21:49:25.491Z"
  },
  "elements": []
}
[FormatConverter] ========== CONVERSION SUMMARY ==========
[FormatConverter] Total elements: 1
[FormatConverter] Successful conversions: 1
[FormatConverter] Conversions with data loss: 0
[FormatConverter] Fallbacks to HTML: 0
[FormatConverter] Errors: 0
[FormatConverter] ========================================
Γ£ô Conversion successful
  Original type: wd_video_player
  Converted type: video
  Video type: youtube
  YouTube URL: https://www.youtube.com/watch?v=dQw4w9WgXcQ
Γ£ô YouTube video converted correctly

Test 2: YouTube video from iframe HTML
[FormatConverter] ========== CONVERSION START ==========
[FormatConverter] Converting from extension format (Elementor 3.0.0) to native format (Elementor unknown)
[FormatConverter] Input data: {
  "elType": "widget",
  "widgetType": "custom_video",
  "settings": {},
  "renderedContent": "<div><iframe src=\"https://www.youtube.com/embed/abc123xyz\" frameborder=\"0\"></iframe></div>",
  "elements": [],
  "isInner": false
}
[FormatConverter] Input element type: widget
[FormatConverter] Input has children: true
[FormatConverter] Input children count: 0
[FormatConverter] Custom widget detected: "custom_video"
[FormatConverter] getSanitizer() called. Checking for ContentSanitizer...
[FormatConverter] typeof window: undefined
[FormatConverter] window.ContentSanitizer: window undefined
[FormatConverter] Γ£ô Converted "custom_video" to "video" (VideoConverter)
[FormatConverter] Γ£ô Converted "custom_video" to "video"
[FormatConverter] After conversion: {
  "elType": "widget",
  "id": "31da3a4e",
  "widgetType": "video",
  "settings": {
    "video_type": "youtube",
    "youtube_url": "https://www.youtube.com/watch?v=abc123xyz",
    "_element_id": "",
    "_css_classes": "converted-from-custom_video"
  },
  "elements": [],
  "isInner": false,
  "_conversionMeta": {
    "originalType": "custom_video",
    "converter": "VideoConverter",
    "dataLoss": false,
    "warnings": [],
    "source": "registry",
    "timestamp": "2025-10-16T21:49:25.493Z"
  }
}
[FormatConverter] Converted element type: widget
[FormatConverter] Converted has children: true
[FormatConverter] Converted children count: 0
[FormatConverter] getSanitizer() called. Checking for ContentSanitizer...
[FormatConverter] typeof window: undefined
[FormatConverter] window.ContentSanitizer: window undefined
[FormatConverter] Sanitizing converted data...
[FormatConverter] Data before sanitization: {"elType":"widget","id":"31da3a4e","widgetType":"video","settings":{"video_type":"youtube","youtube_url":"https://www.youtube.com/watch?v=abc123xyz","_element_id":"","_css_classes":"converted-from-custom_video"},"elements":[],"isInner":false,"_conversionMeta":{"originalType":"custom_video","converte
[FormatConverter] Data after sanitization: {"elType":"widget","id":"31da3a4e","isInner":false,"widgetType":"video","settings":{"video_type":"youtube","youtube_url":"https://www.youtube.com/watch?v=abc123xyz","_element_id":"","_css_classes":"converted-from-custom_video"},"_conversionMeta":{"originalType":"custom_video","converter":"VideoConve
[FormatConverter] Γ£ô Sanitization complete
[FormatConverter] Γ£ô Conversion successful
[FormatConverter] Final output: {
  "elType": "widget",
  "id": "31da3a4e",
  "isInner": false,
  "widgetType": "video",
  "settings": {
    "video_type": "youtube",
    "youtube_url": "https://www.youtube.com/watch?v=abc123xyz",
    "_element_id": "",
    "_css_classes": "converted-from-custom_video"
  },
  "_conversionMeta": {
    "originalType": "custom_video",
    "converter": "VideoConverter",
    "dataLoss": false,
    "warnings": [],
    "source": "registry",
    "timestamp": "2025-10-16T21:49:25.493Z"
  },
  "elements": []
}
[FormatConverter] ========== CONVERSION SUMMARY ==========
[FormatConverter] Total elements: 1
[FormatConverter] Successful conversions: 1
[FormatConverter] Conversions with data loss: 0
[FormatConverter] Fallbacks to HTML: 0
[FormatConverter] Errors: 0
[FormatConverter] ========================================
Γ£ô Conversion successful
  Converted type: video
  Video type: youtube
  YouTube URL: https://www.youtube.com/watch?v=abc123xyz
Γ£ô YouTube iframe extraction worked

Test 3: Vimeo video from settings
[FormatConverter] ========== CONVERSION START ==========
[FormatConverter] Converting from extension format (Elementor 3.0.0) to native format (Elementor unknown)
[FormatConverter] Input data: {
  "elType": "widget",
  "widgetType": "vimeo_player",
  "settings": {
    "vimeo_url": "https://vimeo.com/123456789"
  },
  "elements": [],
  "isInner": false
}
[FormatConverter] Input element type: widget
[FormatConverter] Input has children: true
[FormatConverter] Input children count: 0
[FormatConverter] Custom widget detected: "vimeo_player"
[FormatConverter] getSanitizer() called. Checking for ContentSanitizer...
[FormatConverter] typeof window: undefined
[FormatConverter] window.ContentSanitizer: window undefined
[FormatConverter] Γ£ô Converted "vimeo_player" to "video" (VideoConverter)
[FormatConverter] Γ£ô Converted "vimeo_player" to "video"
[FormatConverter] After conversion: {
  "elType": "widget",
  "id": "ec80b02c",
  "widgetType": "video",
  "settings": {
    "video_type": "vimeo",
    "vimeo_url": "https://vimeo.com/123456789",
    "_element_id": "",
    "_css_classes": "converted-from-vimeo_player"
  },
  "elements": [],
  "isInner": false,
  "_conversionMeta": {
    "originalType": "vimeo_player",
    "converter": "VideoConverter",
    "dataLoss": false,
    "warnings": [],
    "source": "registry",
    "timestamp": "2025-10-16T21:49:25.494Z"
  }
}
[FormatConverter] Converted element type: widget
[FormatConverter] Converted has children: true
[FormatConverter] Converted children count: 0
[FormatConverter] getSanitizer() called. Checking for ContentSanitizer...
[FormatConverter] typeof window: undefined
[FormatConverter] window.ContentSanitizer: window undefined
[FormatConverter] Sanitizing converted data...
[FormatConverter] Data before sanitization: {"elType":"widget","id":"ec80b02c","widgetType":"video","settings":{"video_type":"vimeo","vimeo_url":"https://vimeo.com/123456789","_element_id":"","_css_classes":"converted-from-vimeo_player"},"elements":[],"isInner":false,"_conversionMeta":{"originalType":"vimeo_player","converter":"VideoConverter
[FormatConverter] Data after sanitization: {"elType":"widget","id":"ec80b02c","isInner":false,"widgetType":"video","settings":{"video_type":"vimeo","vimeo_url":"https://vimeo.com/123456789","_element_id":"","_css_classes":"converted-from-vimeo_player"},"_conversionMeta":{"originalType":"vimeo_player","converter":"VideoConverter","dataLoss":f
[FormatConverter] Γ£ô Sanitization complete
[FormatConverter] Γ£ô Conversion successful
[FormatConverter] Final output: {
  "elType": "widget",
  "id": "ec80b02c",
  "isInner": false,
  "widgetType": "video",
  "settings": {
    "video_type": "vimeo",
    "vimeo_url": "https://vimeo.com/123456789",
    "_element_id": "",
    "_css_classes": "converted-from-vimeo_player"
  },
  "_conversionMeta": {
    "originalType": "vimeo_player",
    "converter": "VideoConverter",
    "dataLoss": false,
    "warnings": [],
    "source": "registry",
    "timestamp": "2025-10-16T21:49:25.494Z"
  },
  "elements": []
}
[FormatConverter] ========== CONVERSION SUMMARY ==========
[FormatConverter] Total elements: 1
[FormatConverter] Successful conversions: 1
[FormatConverter] Conversions with data loss: 0
[FormatConverter] Fallbacks to HTML: 0
[FormatConverter] Errors: 0
[FormatConverter] ========================================
Γ£ô Conversion successful
  Converted type: video
  Video type: vimeo
  Vimeo URL: https://vimeo.com/123456789
Γ£ô Vimeo video converted correctly

Test 4: Vimeo video from iframe HTML
[FormatConverter] ========== CONVERSION START ==========
[FormatConverter] Converting from extension format (Elementor 3.0.0) to native format (Elementor unknown)
[FormatConverter] Input data: {
  "elType": "widget",
  "widgetType": "video_widget",
  "settings": {},
  "renderedContent": "<iframe src=\"https://player.vimeo.com/video/987654321\" width=\"640\" height=\"360\"></iframe>",
  "elements": [],
  "isInner": false
}
[FormatConverter] Input element type: widget
[FormatConverter] Input has children: true
[FormatConverter] Input children count: 0
[FormatConverter] Custom widget detected: "video_widget"
[FormatConverter] getSanitizer() called. Checking for ContentSanitizer...
[FormatConverter] typeof window: undefined
[FormatConverter] window.ContentSanitizer: window undefined
[FormatConverter] Γ£ô Converted "video_widget" to "video" (VideoConverter)
[FormatConverter] Γ£ô Converted "video_widget" to "video"
[FormatConverter] After conversion: {
  "elType": "widget",
  "id": "4b5c5f86",
  "widgetType": "video",
  "settings": {
    "video_type": "vimeo",
    "vimeo_url": "https://vimeo.com/987654321",
    "_element_id": "",
    "_css_classes": "converted-from-video_widget"
  },
  "elements": [],
  "isInner": false,
  "_conversionMeta": {
    "originalType": "video_widget",
    "converter": "VideoConverter",
    "dataLoss": false,
    "warnings": [],
    "source": "registry",
    "timestamp": "2025-10-16T21:49:25.496Z"
  }
}
[FormatConverter] Converted element type: widget
[FormatConverter] Converted has children: true
[FormatConverter] Converted children count: 0
[FormatConverter] getSanitizer() called. Checking for ContentSanitizer...
[FormatConverter] typeof window: undefined
[FormatConverter] window.ContentSanitizer: window undefined
[FormatConverter] Sanitizing converted data...
[FormatConverter] Data before sanitization: {"elType":"widget","id":"4b5c5f86","widgetType":"video","settings":{"video_type":"vimeo","vimeo_url":"https://vimeo.com/987654321","_element_id":"","_css_classes":"converted-from-video_widget"},"elements":[],"isInner":false,"_conversionMeta":{"originalType":"video_widget","converter":"VideoConverter
[FormatConverter] Data after sanitization: {"elType":"widget","id":"4b5c5f86","isInner":false,"widgetType":"video","settings":{"video_type":"vimeo","vimeo_url":"https://vimeo.com/987654321","_element_id":"","_css_classes":"converted-from-video_widget"},"_conversionMeta":{"originalType":"video_widget","converter":"VideoConverter","dataLoss":f
[FormatConverter] Γ£ô Sanitization complete
[FormatConverter] Γ£ô Conversion successful
[FormatConverter] Final output: {
  "elType": "widget",
  "id": "4b5c5f86",
  "isInner": false,
  "widgetType": "video",
  "settings": {
    "video_type": "vimeo",
    "vimeo_url": "https://vimeo.com/987654321",
    "_element_id": "",
    "_css_classes": "converted-from-video_widget"
  },
  "_conversionMeta": {
    "originalType": "video_widget",
    "converter": "VideoConverter",
    "dataLoss": false,
    "warnings": [],
    "source": "registry",
    "timestamp": "2025-10-16T21:49:25.496Z"
  },
  "elements": []
}
[FormatConverter] ========== CONVERSION SUMMARY ==========
[FormatConverter] Total elements: 1
[FormatConverter] Successful conversions: 1
[FormatConverter] Conversions with data loss: 0
[FormatConverter] Fallbacks to HTML: 0
[FormatConverter] Errors: 0
[FormatConverter] ========================================
Γ£ô Conversion successful
  Converted type: video
  Video type: vimeo
  Vimeo URL: https://vimeo.com/987654321
Γ£ô Vimeo iframe extraction worked

Test 5: Self-hosted video from settings
[FormatConverter] ========== CONVERSION START ==========
[FormatConverter] Converting from extension format (Elementor 3.0.0) to native format (Elementor unknown)
[FormatConverter] Input data: {
  "elType": "widget",
  "widgetType": "custom_video_player",
  "settings": {
    "video_url": "https://example.com/videos/sample.mp4"
  },
  "elements": [],
  "isInner": false
}
[FormatConverter] Input element type: widget
[FormatConverter] Input has children: true
[FormatConverter] Input children count: 0
[FormatConverter] Custom widget detected: "custom_video_player"
[FormatConverter] getSanitizer() called. Checking for ContentSanitizer...
[FormatConverter] typeof window: undefined
[FormatConverter] window.ContentSanitizer: window undefined
[FormatConverter] Γ£ô Converted "custom_video_player" to "video" (VideoConverter)
[FormatConverter] Γ£ô Converted "custom_video_player" to "video"
[FormatConverter] After conversion: {
  "elType": "widget",
  "id": "7aa7d859",
  "widgetType": "video",
  "settings": {
    "video_type": "hosted",
    "hosted_url": {
      "url": "https://example.com/videos/sample.mp4"
    },
    "_element_id": "",
    "_css_classes": "converted-from-custom_video_player"
  },
  "elements": [],
  "isInner": false,
  "_conversionMeta": {
    "originalType": "custom_video_player",
    "converter": "VideoConverter",
    "dataLoss": false,
    "warnings": [],
    "source": "registry",
    "timestamp": "2025-10-16T21:49:25.496Z"
  }
}
[FormatConverter] Converted element type: widget
[FormatConverter] Converted has children: true
[FormatConverter] Converted children count: 0
[FormatConverter] getSanitizer() called. Checking for ContentSanitizer...
[FormatConverter] typeof window: undefined
[FormatConverter] window.ContentSanitizer: window undefined
[FormatConverter] Sanitizing converted data...
[FormatConverter] Data before sanitization: {"elType":"widget","id":"7aa7d859","widgetType":"video","settings":{"video_type":"hosted","hosted_url":{"url":"https://example.com/videos/sample.mp4"},"_element_id":"","_css_classes":"converted-from-custom_video_player"},"elements":[],"isInner":false,"_conversionMeta":{"originalType":"custom_video_p
[FormatConverter] Data after sanitization: {"elType":"widget","id":"7aa7d859","isInner":false,"widgetType":"video","settings":{"video_type":"hosted","hosted_url":{"url":"https://example.com/videos/sample.mp4"},"_element_id":"","_css_classes":"converted-from-custom_video_player"},"_conversionMeta":{"originalType":"custom_video_player","conver
[FormatConverter] Γ£ô Sanitization complete
[FormatConverter] Γ£ô Conversion successful
[FormatConverter] Final output: {
  "elType": "widget",
  "id": "7aa7d859",
  "isInner": false,
  "widgetType": "video",
  "settings": {
    "video_type": "hosted",
    "hosted_url": {
      "url": "https://example.com/videos/sample.mp4"
    },
    "_element_id": "",
    "_css_classes": "converted-from-custom_video_player"
  },
  "_conversionMeta": {
    "originalType": "custom_video_player",
    "converter": "VideoConverter",
    "dataLoss": false,
    "warnings": [],
    "source": "registry",
    "timestamp": "2025-10-16T21:49:25.496Z"
  },
  "elements": []
}
[FormatConverter] ========== CONVERSION SUMMARY ==========
[FormatConverter] Total elements: 1
[FormatConverter] Successful conversions: 1
[FormatConverter] Conversions with data loss: 0
[FormatConverter] Fallbacks to HTML: 0
[FormatConverter] Errors: 0
[FormatConverter] ========================================
Γ£ô Conversion successful
  Converted type: video
  Video type: hosted
  Hosted URL: https://example.com/videos/sample.mp4
Γ£ô Self-hosted video converted correctly

Test 6: Self-hosted video from video tag HTML
[FormatConverter] ========== CONVERSION START ==========
[FormatConverter] Converting from extension format (Elementor 3.0.0) to native format (Elementor unknown)
[FormatConverter] Input data: {
  "elType": "widget",
  "widgetType": "html5_video",
  "settings": {},
  "renderedContent": "<video controls><source src=\"https://example.com/video.webm\" type=\"video/webm\"></video>",
  "elements": [],
  "isInner": false
}
[FormatConverter] Input element type: widget
[FormatConverter] Input has children: true
[FormatConverter] Input children count: 0
[FormatConverter] Custom widget detected: "html5_video"
[FormatConverter] getSanitizer() called. Checking for ContentSanitizer...
[FormatConverter] typeof window: undefined
[FormatConverter] window.ContentSanitizer: window undefined
[FormatConverter] Γ£ô Converted "html5_video" to "video" (VideoConverter)
[FormatConverter] Γ£ô Converted "html5_video" to "video"
[FormatConverter] After conversion: {
  "elType": "widget",
  "id": "846e56ce",
  "widgetType": "video",
  "settings": {
    "video_type": "hosted",
    "hosted_url": {
      "url": "https://example.com/video.webm"
    },
    "_element_id": "",
    "_css_classes": "converted-from-html5_video"
  },
  "elements": [],
  "isInner": false,
  "_conversionMeta": {
    "originalType": "html5_video",
    "converter": "VideoConverter",
    "dataLoss": false,
    "warnings": [],
    "source": "registry",
    "timestamp": "2025-10-16T21:49:25.498Z"
  }
}
[FormatConverter] Converted element type: widget
[FormatConverter] Converted has children: true
[FormatConverter] Converted children count: 0
[FormatConverter] getSanitizer() called. Checking for ContentSanitizer...
[FormatConverter] typeof window: undefined
[FormatConverter] window.ContentSanitizer: window undefined
[FormatConverter] Sanitizing converted data...
[FormatConverter] Data before sanitization: {"elType":"widget","id":"846e56ce","widgetType":"video","settings":{"video_type":"hosted","hosted_url":{"url":"https://example.com/video.webm"},"_element_id":"","_css_classes":"converted-from-html5_video"},"elements":[],"isInner":false,"_conversionMeta":{"originalType":"html5_video","converter":"Vid
[FormatConverter] Data after sanitization: {"elType":"widget","id":"846e56ce","isInner":false,"widgetType":"video","settings":{"video_type":"hosted","hosted_url":{"url":"https://example.com/video.webm"},"_element_id":"","_css_classes":"converted-from-html5_video"},"_conversionMeta":{"originalType":"html5_video","converter":"VideoConverter","
[FormatConverter] Γ£ô Sanitization complete
[FormatConverter] Γ£ô Conversion successful
[FormatConverter] Final output: {
  "elType": "widget",
  "id": "846e56ce",
  "isInner": false,
  "widgetType": "video",
  "settings": {
    "video_type": "hosted",
    "hosted_url": {
      "url": "https://example.com/video.webm"
    },
    "_element_id": "",
    "_css_classes": "converted-from-html5_video"
  },
  "_conversionMeta": {
    "originalType": "html5_video",
    "converter": "VideoConverter",
    "dataLoss": false,
    "warnings": [],
    "source": "registry",
    "timestamp": "2025-10-16T21:49:25.498Z"
  },
  "elements": []
}
[FormatConverter] ========== CONVERSION SUMMARY ==========
[FormatConverter] Total elements: 1
[FormatConverter] Successful conversions: 1
[FormatConverter] Conversions with data loss: 0
[FormatConverter] Fallbacks to HTML: 0
[FormatConverter] Errors: 0
[FormatConverter] ========================================
Γ£ô Conversion successful
  Converted type: video
  Video type: hosted
  Hosted URL: https://example.com/video.webm
Γ£ô Video tag extraction worked

Test 7: Video with autoplay and mute options
[FormatConverter] ========== CONVERSION START ==========
[FormatConverter] Converting from extension format (Elementor 3.0.0) to native format (Elementor unknown)
[FormatConverter] Input data: {
  "elType": "widget",
  "widgetType": "youtube_video",
  "settings": {
    "youtube_url": "https://www.youtube.com/watch?v=test123",
    "autoplay": true,
    "mute": true,
    "loop": true
  },
  "elements": [],
  "isInner": false
}
[FormatConverter] Input element type: widget
[FormatConverter] Input has children: true
[FormatConverter] Input children count: 0
[FormatConverter] Custom widget detected: "youtube_video"
[FormatConverter] getSanitizer() called. Checking for ContentSanitizer...
[FormatConverter] typeof window: undefined
[FormatConverter] window.ContentSanitizer: window undefined
[FormatConverter] Γ£ô Converted "youtube_video" to "video" (VideoConverter)
[FormatConverter] Γ£ô Converted "youtube_video" to "video"
[FormatConverter] After conversion: {
  "elType": "widget",
  "id": "b90db821",
  "widgetType": "video",
  "settings": {
    "video_type": "youtube",
    "youtube_url": "https://www.youtube.com/watch?v=test123",
    "youtube_autoplay": "yes",
    "youtube_mute": "yes",
    "youtube_loop": "yes",
    "_element_id": "",
    "_css_classes": "converted-from-youtube_video"
  },
  "elements": [],
  "isInner": false,
  "_conversionMeta": {
    "originalType": "youtube_video",
    "converter": "VideoConverter",
    "dataLoss": false,
    "warnings": [],
    "source": "registry",
    "timestamp": "2025-10-16T21:49:25.503Z"
  }
}
[FormatConverter] Converted element type: widget
[FormatConverter] Converted has children: true
[FormatConverter] Converted children count: 0
[FormatConverter] getSanitizer() called. Checking for ContentSanitizer...
[FormatConverter] typeof window: undefined
[FormatConverter] window.ContentSanitizer: window undefined
[FormatConverter] Sanitizing converted data...
[FormatConverter] Data before sanitization: {"elType":"widget","id":"b90db821","widgetType":"video","settings":{"video_type":"youtube","youtube_url":"https://www.youtube.com/watch?v=test123","youtube_autoplay":"yes","youtube_mute":"yes","youtube_loop":"yes","_element_id":"","_css_classes":"converted-from-youtube_video"},"elements":[],"isInner
[FormatConverter] Data after sanitization: {"elType":"widget","id":"b90db821","isInner":false,"widgetType":"video","settings":{"video_type":"youtube","youtube_url":"https://www.youtube.com/watch?v=test123","youtube_autoplay":"yes","youtube_mute":"yes","youtube_loop":"yes","_element_id":"","_css_classes":"converted-from-youtube_video"},"_conv
[FormatConverter] Γ£ô Sanitization complete
[FormatConverter] Γ£ô Conversion successful
[FormatConverter] Final output: {
  "elType": "widget",
  "id": "b90db821",
  "isInner": false,
  "widgetType": "video",
  "settings": {
    "video_type": "youtube",
    "youtube_url": "https://www.youtube.com/watch?v=test123",
    "youtube_autoplay": "yes",
    "youtube_mute": "yes",
    "youtube_loop": "yes",
    "_element_id": "",
    "_css_classes": "converted-from-youtube_video"
  },
  "_conversionMeta": {
    "originalType": "youtube_video",
    "converter": "VideoConverter",
    "dataLoss": false,
    "warnings": [],
    "source": "registry",
    "timestamp": "2025-10-16T21:49:25.503Z"
  },
  "elements": []
}
[FormatConverter] ========== CONVERSION SUMMARY ==========
[FormatConverter] Total elements: 1
[FormatConverter] Successful conversions: 1
[FormatConverter] Conversions with data loss: 0
[FormatConverter] Fallbacks to HTML: 0
[FormatConverter] Errors: 0
[FormatConverter] ========================================
Γ£ô Conversion successful
  Autoplay: yes
  Mute: yes
  Loop: yes
Γ£ô Video options preserved correctly

Test 8: YouTube short URL format
[FormatConverter] ========== CONVERSION START ==========
[FormatConverter] Converting from extension format (Elementor 3.0.0) to native format (Elementor unknown)
[FormatConverter] Input data: {
  "elType": "widget",
  "widgetType": "video_embed",
  "settings": {},
  "renderedContent": "<iframe src=\"https://youtu.be/shorturl123\" frameborder=\"0\"></iframe>",
  "elements": [],
  "isInner": false
}
[FormatConverter] Input element type: widget
[FormatConverter] Input has children: true
[FormatConverter] Input children count: 0
[FormatConverter] Custom widget detected: "video_embed"
[FormatConverter] getSanitizer() called. Checking for ContentSanitizer...
[FormatConverter] typeof window: undefined
[FormatConverter] window.ContentSanitizer: window undefined
[FormatConverter] Γ£ô Converted "video_embed" to "video" (VideoConverter)
[FormatConverter] Γ£ô Converted "video_embed" to "video"
[FormatConverter] After conversion: {
  "elType": "widget",
  "id": "93067ae0",
  "widgetType": "video",
  "settings": {
    "video_type": "youtube",
    "youtube_url": "https://www.youtube.com/watch?v=shorturl123",
    "_element_id": "",
    "_css_classes": "converted-from-video_embed"
  },
  "elements": [],
  "isInner": false,
  "_conversionMeta": {
    "originalType": "video_embed",
    "converter": "VideoConverter",
    "dataLoss": false,
    "warnings": [],
    "source": "registry",
    "timestamp": "2025-10-16T21:49:25.505Z"
  }
}
[FormatConverter] Converted element type: widget
[FormatConverter] Converted has children: true
[FormatConverter] Converted children count: 0
[FormatConverter] Γ£ô Conversion successful
[FormatConverter] Final output: {
  "elType": "widget",
  "id": "93067ae0",
  "widgetType": "video",
  "settings": {
    "video_type": "youtube",
    "youtube_url": "https://www.youtube.com/watch?v=shorturl123",
    "_element_id": "",
    "_css_classes": "converted-from-video_embed"
  },
  "elements": [],
  "isInner": false,
  "_conversionMeta": {
    "originalType": "video_embed",
    "converter": "VideoConverter",
    "dataLoss": false,
    "warnings": [],
    "source": "registry",
    "timestamp": "2025-10-16T21:49:25.505Z"
  }
}
[FormatConverter] ========== CONVERSION SUMMARY ==========
[FormatConverter] Total elements: 1
[FormatConverter] Successful conversions: 1
[FormatConverter] Conversions with data loss: 0
[FormatConverter] Fallbacks to HTML: 0
[FormatConverter] Errors: 0
[FormatConverter] ========================================
Γ£ô Conversion successful
  YouTube URL: https://www.youtube.com/watch?v=shorturl123
Γ£ô YouTube short URL normalized correctly

Test 9: Conversion metadata
[FormatConverter] ========== CONVERSION START ==========
[FormatConverter] Converting from extension format (Elementor 3.0.0) to native format (Elementor unknown)
[FormatConverter] Input data: {
  "elType": "widget",
  "widgetType": "wd_video",
  "settings": {
    "video_url": "https://www.youtube.com/watch?v=metadata_test"
  },
  "elements": [],
  "isInner": false
}
[FormatConverter] Input element type: widget
[FormatConverter] Input has children: true
[FormatConverter] Input children count: 0
[FormatConverter] Custom widget detected: "wd_video"
[FormatConverter] getSanitizer() called. Checking for ContentSanitizer...
[FormatConverter] typeof window: undefined
[FormatConverter] window.ContentSanitizer: window undefined
[FormatConverter] Γ£ô Converted "wd_video" to "video" (VideoConverter)
[FormatConverter] Γ£ô Converted "wd_video" to "video"
[FormatConverter] After conversion: {
  "elType": "widget",
  "id": "1c517174",
  "widgetType": "video",
  "settings": {
    "video_type": "youtube",
    "youtube_url": "https://www.youtube.com/watch?v=metadata_test",
    "_element_id": "",
    "_css_classes": "converted-from-wd_video"
  },
  "elements": [],
  "isInner": false,
  "_conversionMeta": {
    "originalType": "wd_video",
    "converter": "VideoConverter",
    "dataLoss": false,
    "warnings": [],
    "source": "registry",
    "timestamp": "2025-10-16T21:49:25.508Z"
  }
}
[FormatConverter] Converted element type: widget
[FormatConverter] Converted has children: true
[FormatConverter] Converted children count: 0
[FormatConverter] Γ£ô Conversion successful
[FormatConverter] Final output: {
  "elType": "widget",
  "id": "1c517174",
  "widgetType": "video",
  "settings": {
    "video_type": "youtube",
    "youtube_url": "https://www.youtube.com/watch?v=metadata_test",
    "_element_id": "",
    "_css_classes": "converted-from-wd_video"
  },
  "elements": [],
  "isInner": false,
  "_conversionMeta": {
    "originalType": "wd_video",
    "converter": "VideoConverter",
    "dataLoss": false,
    "warnings": [],
    "source": "registry",
    "timestamp": "2025-10-16T21:49:25.508Z"
  }
}
[FormatConverter] ========== CONVERSION SUMMARY ==========
[FormatConverter] Total elements: 1
[FormatConverter] Successful conversions: 1
[FormatConverter] Conversions with data loss: 0
[FormatConverter] Fallbacks to HTML: 0
[FormatConverter] Errors: 0
[FormatConverter] ========================================
Γ£ô Conversion metadata present:
  - Original type: wd_video
  - Converter: VideoConverter
  - Source: registry
  - Video type: undefined
  - Data loss: false
  - Timestamp: 2025-10-16T21:49:25.508Z
Γ£ô Metadata is correct (VideoConverter used)

ΓÜá Video type metadata not preserved (may be removed by sanitizer)

Test 10: Logger summary and statistics
  Statistics:
    - Total: 1
    - Conversions: 1
    - Successful: 1
    - Fallbacks: 0
    - Errors: 0
Γ£ô All video conversions successful

=== VideoConverter Tests Complete ===
